usage: train.py [-h] [--device DEVICE] [--epochs EPOCHS]
                [--iters_per_epoch ITERS_PER_EPOCH]
                [--finer_eval_step FINER_EVAL_STEP] [--bs BS]
                [--patch_size PATCH_SIZE] [--num_workers NUM_WORKERS]
                [--test_num_workers TEST_NUM_WORKERS] [--pin_memory]
                [--persistent_workers] [--prefetch_factor PREFETCH_FACTOR]
                [--max_train_batches MAX_TRAIN_BATCHES]
                [--max_test_batches MAX_TEST_BATCHES] [--start_lr START_LR]
                [--end_lr END_LR] [--no_lr_sche] [--use_warm_up USE_WARM_UP]
                [--w_loss_L1 W_LOSS_L1] [--w_loss_CR W_LOSS_CR]
                [--cr_negative_mode {hazy,hazy_lowpass}]
                [--cr_lowpass_pool CR_LOWPASS_POOL]
                [--cr_lowpass_weight CR_LOWPASS_WEIGHT]
                [--w_loss_lowfreq W_LOSS_LOWFREQ]
                [--lowfreq_pool LOWFREQ_POOL] [--use_lf_prior]
                [--lf_prior_channels LF_PRIOR_CHANNELS]
                [--lf_prior_pool LF_PRIOR_POOL]
                [--lf_prior_gate_init LF_PRIOR_GATE_INIT]
                [--lf_prior_residual_center]
                [--lf_prior_train_dropout LF_PRIOR_TRAIN_DROPOUT]
                [--lf_prior_gate_max LF_PRIOR_GATE_MAX]
                [--lf_prior_injection {pre_mix,post_mix}]
                [--w_loss_lf_gate W_LOSS_LF_GATE]
                [--w_loss_teacher_guard W_LOSS_TEACHER_GUARD]
                [--teacher_checkpoint TEACHER_CHECKPOINT]
                [--teacher_use_lf_prior]
                [--teacher_guard_margin TEACHER_GUARD_MARGIN]
                [--teacher_guard_warmup_steps TEACHER_GUARD_WARMUP_STEPS]
                [--teacher_guard_max_weight TEACHER_GUARD_MAX_WEIGHT]
                [--teacher_guard_patch_pool TEACHER_GUARD_PATCH_POOL]
                [--exp_dir EXP_DIR] [--model_name MODEL_NAME]
                [--saved_model_dir SAVED_MODEL_DIR]
                [--saved_data_dir SAVED_DATA_DIR]
                [--saved_plot_dir SAVED_PLOT_DIR]
                [--saved_infer_dir SAVED_INFER_DIR] [--dataset DATASET]
                [--no_tqdm] [--no_tensorboard]
                [--tensorboard_log_dir TENSORBOARD_LOG_DIR]
                [--tb_log_interval TB_LOG_INTERVAL] [--dry_run]
                [--no_pdf_plots] [--eval_interval_steps EVAL_INTERVAL_STEPS]
                [--checkpoint_interval_steps CHECKPOINT_INTERVAL_STEPS]
                [--save_epoch_checkpoints [SAVE_EPOCH_CHECKPOINTS]]
                [--early_stop_patience_evals EARLY_STOP_PATIENCE_EVALS]
                [--early_stop_min_delta EARLY_STOP_MIN_DELTA]
                [--early_stop_after_step EARLY_STOP_AFTER_STEP]
                [--early_stop_metric {psnr,ssim}] [--resume [RESUME]]
                [--pre_trained_model PRE_TRAINED_MODEL]
train.py: error: unrecognized arguments: --lf_conditional_mask --lf_mask_hidden_channels 8 --lf_mask_init_bias 2.0
