/root/autodl-tmp/workspace/Dehaze-Net/code/model/modules/deconv.py:19: UserWarning: The torch.cuda.*DtypeTensor constructors are no longer recommended. It's best to use methods such as torch.tensor(data, dtype=*, device='cuda') to create tensors. (Triggered internally at /pytorch/torch/csrc/tensor/python_tensor.cpp:78.)
  conv_weight_cd = torch.cuda.FloatTensor(conv_shape[0], conv_shape[1], 3 * 3).fill_(0)
identity/oracle 16/16
micro step 1 loss 0.026831 res_lf 0.009747 cosine 0.268981 gate_lf 0.047426
micro step 200 loss 0.027972 res_lf 0.009510 cosine 0.202169 gate_lf 0.082140
micro step 400 loss 0.028150 res_lf 0.009515 cosine 0.193390 gate_lf 0.080499
micro step 600 loss 0.028080 res_lf 0.009556 cosine 0.197922 gate_lf 0.086241
micro step 800 loss 0.027403 res_lf 0.009631 cosine 0.234574 gate_lf 0.023571
micro step 1000 loss 0.026627 res_lf 0.009575 cosine 0.278060 gate_lf 0.030318
micro step 1200 loss 0.025562 res_lf 0.009629 cosine 0.328101 gate_lf 0.007291
micro step 1400 loss 0.025580 res_lf 0.009607 cosine 0.325519 gate_lf 0.003568
micro step 1600 loss 0.025561 res_lf 0.009635 cosine 0.327531 gate_lf 0.002445
micro step 1800 loss 0.024500 res_lf 0.009615 cosine 0.379574 gate_lf 0.002018
micro step 2000 loss 0.024716 res_lf 0.009605 cosine 0.368122 gate_lf 0.001554
{
  "dataset": "HAZE4K",
  "cr_checkpoint": "../experiment/HAZE4K/DEA-Net-CR-H4K-Baseline-scout-20260520-101334/saved_model/best.pk",
  "cr_checkpoint_step": 90000,
  "shape_smoke": {
    "out_shape": [
      2,
      3,
      256,
      256
    ],
    "j0_shape": [
      2,
      3,
      256,
      256
    ],
    "c_lf_shape": [
      2,
      3,
      256,
      256
    ],
    "gate_lf_shape": [
      2,
      1,
      256,
      256
    ],
    "out_min": 0.0,
    "out_max": 1.0,
    "gate_lf_mean": 0.04742587357759476,
    "gate_hf_mean": 0.006692850962281227,
    "c_lf_norm": 0.0,
    "max_abs_out_minus_j0": 0.0
  },
  "identity_oracle": {
    "num_images": 16,
    "mean_psnr_j0": 27.781652310263958,
    "mean_ssim_j0": 0.9810495562851429,
    "mean_psnr_j": 27.781652310263958,
    "mean_ssim_j": 0.9810495562851429,
    "identity_mean_psnr_delta": 0.0,
    "identity_max_abs_psnr_delta": 0.0,
    "identity_max_abs_pixel_delta": 0.0,
    "mean_psnr_oracle_lf": 44.23086905066841,
    "mean_psnr_oracle_lf_bound": 40.78401416828787,
    "oracle_lf_vs_j0_delta": 16.449216740404452,
    "oracle_lf_bound_vs_j0_delta": 13.002361858023907,
    "oracle_lf_bound_strong_regression_count": 0,
    "strong_baseline_count": 4,
    "strong_baseline_cutoff_psnr": 29.27677149819267
  },
  "micro_overfit": {
    "steps": 2000,
    "subset_size": 64,
    "batch_size": 8,
    "lr": 0.001,
    "initial_loss": 0.032217469066381454,
    "final_loss": 0.024716490879654884,
    "initial_res_lf": 0.00975416973233223,
    "final_res_lf": 0.009604986757040024,
    "initial_residual_cosine": 0.0,
    "final_residual_cosine": 0.36812201142311096,
    "initial_gate_lf_mean": 0.04742587357759476,
    "final_gate_lf_mean": 0.0015540323220193386,
    "initial_c_lf_norm": 0.0,
    "final_c_lf_norm": 0.015232435427606106
  }
}
