/root/autodl-tmp/workspace/Dehaze-Net/code/model/modules/deconv.py:19: UserWarning: The torch.cuda.*DtypeTensor constructors are no longer recommended. It's best to use methods such as torch.tensor(data, dtype=*, device='cuda') to create tensors. (Triggered internally at /pytorch/torch/csrc/tensor/python_tensor.cpp:78.)
  conv_weight_cd = torch.cuda.FloatTensor(conv_shape[0], conv_shape[1], 3 * 3).fill_(0)
identity/oracle 16/16
micro step 1 loss 0.026835 res_lf 0.009751 cosine 0.268992 gate_lf 0.017986
micro step 100 loss 0.026904 res_lf 0.009561 cosine 0.257386 gate_lf 0.046292
micro step 200 loss 0.028042 res_lf 0.009498 cosine 0.198450 gate_lf 0.047690
micro step 300 loss 0.028252 res_lf 0.009578 cosine 0.190665 gate_lf 0.033919
micro step 400 loss 0.028186 res_lf 0.009529 cosine 0.191808 gate_lf 0.039291
micro step 500 loss 0.028276 res_lf 0.009516 cosine 0.186517 gate_lf 0.041481
micro step 600 loss 0.028229 res_lf 0.009583 cosine 0.191396 gate_lf 0.020194
micro step 700 loss 0.027442 res_lf 0.009533 cosine 0.228175 gate_lf 0.035112
micro step 800 loss 0.026993 res_lf 0.009640 cosine 0.255497 gate_lf 0.012322
micro step 900 loss 0.026799 res_lf 0.009577 cosine 0.262200 gate_lf 0.024943
micro step 1000 loss 0.027856 res_lf 0.009531 cosine 0.287097 gate_lf 0.033533
{
  "dataset": "HAZE4K",
  "cr_checkpoint": "../experiment/HAZE4K/DEA-Net-CR-H4K-Baseline-scout-20260520-101334/saved_model/best.pk",
  "cr_checkpoint_step": 90000,
  "shape_smoke": {
    "out_shape": [
      2,
      3,
      256,
      256
    ],
    "j0_shape": [
      2,
      3,
      256,
      256
    ],
    "c_lf_shape": [
      2,
      3,
      256,
      256
    ],
    "gate_lf_shape": [
      2,
      1,
      256,
      256
    ],
    "out_min": 0.0,
    "out_max": 1.0,
    "gate_lf_mean": 0.01798621006309986,
    "gate_hf_mean": 0.006692850962281227,
    "c_lf_norm": 0.0,
    "max_abs_out_minus_j0": 0.0
  },
  "identity_oracle": {
    "num_images": 16,
    "mean_psnr_j0": 27.781652310263958,
    "mean_ssim_j0": 0.9810495562851429,
    "mean_psnr_j": 27.781652310263958,
    "mean_ssim_j": 0.9810495562851429,
    "identity_mean_psnr_delta": 0.0,
    "identity_max_abs_psnr_delta": 0.0,
    "identity_max_abs_pixel_delta": 0.0,
    "mean_psnr_oracle_lf": 44.23086905066841,
    "mean_psnr_oracle_lf_bound": 40.78401416828787,
    "oracle_lf_vs_j0_delta": 16.449216740404452,
    "oracle_lf_bound_vs_j0_delta": 13.002361858023907,
    "oracle_lf_bound_strong_regression_count": 0,
    "strong_baseline_count": 4,
    "strong_baseline_cutoff_psnr": 29.27677149819267
  },
  "micro_overfit": {
    "steps": 1000,
    "subset_size": 64,
    "batch_size": 8,
    "lr": 0.001,
    "initial_loss": 0.032217469066381454,
    "final_loss": 0.027855906635522842,
    "initial_res_lf": 0.00975416973233223,
    "final_res_lf": 0.009530602023005486,
    "initial_residual_cosine": 0.0,
    "final_residual_cosine": 0.2870970666408539,
    "initial_gate_lf_mean": 0.01798621006309986,
    "final_gate_lf_mean": 0.03353256732225418,
    "initial_c_lf_norm": 0.0,
    "final_c_lf_norm": 0.4396912753582001
  }
}
